// Jest Snapshot v1, https://goo.gl/fbAQLP

exports[`Leagues should match the snopshot 1`] = `
<main
  className="main"
>
  <section
    className="league-tabs-container"
  >
    <Connect(LeaguesTabs)
      selectLeaguesData={[Function]}
    />
    <input
      className="search-bar"
      onChange={[Function]}
      placeholder="Search"
      type="text"
    />
  </section>
  <section
    className="match-container"
    key="157015"
  >
    <div
      className="match-second-container"
    >
      <p
        className="team-name home-team-name"
      >
        Liverpool
      </p>
      <div
        className="logos-result-container"
      >
        <div
          className="home-team-logo-container"
        >
          <img
            alt="home team logo"
            className="small-logo"
            src="https://www.api-football.com/public/teams/40.png"
          />
        </div>
        <h4
          className="results"
        >
          <span>
             - 
          </span>
        </h4>
        <div
          className="away-team-logo-container"
        >
          <img
            alt="away team logo"
            className="small-logo"
            src="https://www.api-football.com/public/teams/71.png"
          />
        </div>
      </div>
      <p
        className="team-name away-team-name"
      >
        Norwich
      </p>
    </div>
    <p
      className="date"
    >
      2019-08-09
    </p>
    <p
      className="match-status"
    >
      Not Started
    </p>
  </section>
</main>
`;
