// Jest Snapshot v1, https://goo.gl/fbAQLP

exports[`Header should match the snopshot 1`] = `
<header>
  <img
    alt="football time logo"
    className="logo"
    src="football-time-logo.png"
  />
  <section
    className="header-tabs-container"
  >
    <div
      className="nav-btn-container"
    >
      <NavLink
        className="all-leagues-tab"
        to="/todaysmatches"
      >
        Today's Matches
      </NavLink>
      <NavLink
        className="one-league-tab"
        to="/leagues/524"
      >
        Leagues
      </NavLink>
    </div>
  </section>
</header>
`;
