// Jest Snapshot v1, https://goo.gl/fbAQLP

exports[`Match should match the match snapshot 1`] = `
<Link
  className="match-container"
  to="/todaysmatches/undefined"
>
  <div
    className="match-second-container"
  >
    <p
      className="team-name home-team-name"
    />
    <div
      className="logos-result-container"
    >
      <div
        className="home-team-logo-container"
      >
        <img
          alt="home team logo"
          className="small-logo"
        />
      </div>
      <h4
        className="results"
      >
        <span>
           - 
        </span>
      </h4>
      <div
        className="away-team-logo-container"
      >
        <img
          alt="away team logo"
          className="small-logo"
        />
      </div>
    </div>
    <p
      className="team-name away-team-name"
    />
  </div>
  <p
    className="date"
  >
    2019-08-31T16:30:00+00:00
  </p>
  <p
    className="match-status"
  />
</Link>
`;
